TIME - 15
TIME - 10
TIME - 05
TIME - 00
:-) :-) :-) :-) :-)
