TIME - 30
TIME - 25
TIME - 20
TIME - 15
TIME - 10
TIME - 05
TIME - 00
:-) :-) :-) :-) :-)
